ALL inputs considered out of date
out of date: 1.txt
out of date: 2.txt
out of date: 3.txt