
> Task :projects

------------------------------------------------------------
Root project
------------------------------------------------------------

Root project 'demo'
No sub-projects

To see a list of the tasks of a project, run gradle <project-path>:tasks
For example, try running gradle :tasks

BUILD SUCCESSFUL in 0s
1 actionable task: 1 executed
